Spawining 4096 threads.
Done.  Count is 50000. (Yielded 406869 times)
