Greetings from Thread 0.  Yielding...
I'm still alive.  Goodbye
After thread termination
