Greetings from Thread 0.  Yielding...
Greetings from Thread 1.  Yielding...
Greetings from Thread 2.  Yielding...
Greetings from Thread 3.  Yielding...
Greetings from Thread 4.  Yielding...
I (0) am still alive.  Goodbye.
I (1) am still alive.  Goodbye.
I (2) am still alive.  Goodbye.
I (3) am still alive.  Goodbye.
I (4) am still alive.  Goodbye.
LWPs have ended.
