Greetings from the original thread.  Yielding...
I'm still alive.  Goodbye
