Creating LWPS
Setting the scheduler.
Launching LWPS
    1
         2
              3
                   4
                        5
         2
              3
                   4
                        5
              3
                   4
                        5
                   4
                        5
                        5
Back from LWPS.
